// Bun Snapshot v1, https://bun.sh/docs/test/snapshots

exports[`LivePanel — render-tree text snapshots (fixed tick, no model) single-session + multi-session group (haiku fixture) 1`] = `
" poet2        ◇ 0/2 done ░░░░░░░░░░                         2 tok
  ├ session/889d1 ✗ error      gemma3:1b               2 tok   14.8 t/s
  └ poet2         ✗ error                              0 tok    0.0 t/s
 poet1        ✓ done  gemma3:1b              17 tok   61.4 t/s
 planner      ✓ done  gemma3:1b              29 tok   68.1 t/s
"
`;

exports[`LivePanel — render-tree text snapshots (fixed tick, no model) streaming multi-session group: 6 children + …+N more + shimmer single 1`] = `
" poets        ◇ 2/7 done ██░░░░░░░░    15 tok
  ├ session/poet- ◂ streaming      1 tok  1000.0 t/s ▏
  ├ session/poet- ◂ streaming      1 tok  1000.0 t/s ▏
  ├ session/poet- ◂ streaming      1 tok  1000.0 t/s ▏
  ├ session/poet- ◂ streaming      1 tok  1000.0 t/s ▏
  ├ session/poet- ◂ streaming      1 tok  1000.0 t/s ▏
  ├ session/poet- ✓ done           5 tok  500.0 t/s
  └ …+1 more sessions
 host         ◂ ▱▱▱▰▱▱▱▱▱▱      1 tok  1000.0 t/s ▏
"
`;

exports[`LivePanel — timing columns (wait / total) done single row renders 0.5s → 5.5s ttft→tot at width 110 1`] = `
" planner      ✓ done                               42 tok    7.6 t/s   0.5s →  5.5s ttft→tot
"
`;
